// Jest Snapshot v1, https://goo.gl/fbAQLP

exports[`match snapshot 1`] = `
<div
  className="DateSelector__Wrapper-sc-6yh5gz-0 hpnoCh"
>
  <div
    className="am-flexbox am-flexbox-align-center"
  >
    <svg
      className="DateSelector__Button-sc-6yh5gz-1 jprsxd am-icon am-icon-left am-icon-md"
      onClick={[MockFunction]}
    >
      <use
        xlinkHref="#left"
      />
    </svg>
    <div
      className="am-flexbox-item DateSelector__Item-sc-6yh5gz-2 bLLStf"
    >
      <p
        className="DateSelector__Date-sc-6yh5gz-3 cdLjww"
      >
        06, Apr, 2018
      </p>
    </div>
    <svg
      className="DateSelector__Button-sc-6yh5gz-1 jprsxd am-icon am-icon-right am-icon-md"
      onClick={[MockFunction]}
    >
      <use
        xlinkHref="#right"
      />
    </svg>
  </div>
</div>
`;
