// Jest Snapshot v1, https://goo.gl/fbAQLP

exports[`match snapshot 1`] = `
Array [
  <div
    className="am-flexbox am-flexbox-justify-center am-flexbox-align-center"
    style={undefined}
  >
    <button
      className="BoxScore__Button-fJbqjU iKUoQM"
      onClick={[Function]}
      style={
        Object {
          "borderRadius": "5px 0 0 5px",
        }
      }
    >
      IND
    </button>
    <button
      className="BoxScore__Button-fJbqjU jgtUby"
      onClick={[Function]}
      style={
        Object {
          "borderRadius": "0 5px 5px 0",
        }
      }
    >
      GSW
    </button>
  </div>,
  <div
    className="am-flexbox BoxScore__Wrapper-iYJCii kXzwjZ am-flexbox-justify-start am-flexbox-align-start"
    style={undefined}
  >
    <div
      className="am-flexbox-item"
      style={undefined}
    >
      <div
        className="sticky-table "
        id="sticky-table-500000000"
      >
        <div
          className="x-scrollbar"
        >
          <div />
        </div>
        <div
          className="y-scrollbar"
        >
          <div />
        </div>
        <div
          className="sticky-table-header-wrapper"
        >
          <div
            className="sticky-table-corner "
          >
            <div
              className="sticky-table-table "
            >
              <div
                className="sticky-table-row "
                id=""
              >
                <div
                  className="sticky-table-cell BoxScore__StyledCell-fEfkvL xLJfq"
                >
                  <b>
                    Player
                  </b>
                </div>
              </div>
            </div>
          </div>
          <div
            className="sticky-table-header "
          >
            <div
              className="sticky-table-table "
            >
              <div
                className="sticky-table-row "
                id=""
              >
                <div
                  className="sticky-table-cell BoxScore__StyledCell-fEfkvL xLJfq"
                >
                  <b>
                    MIN
                  </b>
                </div>
                <div
                  className="sticky-table-cell BoxScore__StyledCell-fEfkvL xLJfq"
                >
                  <b>
                    PTS
                  </b>
                </div>
                <div
                  className="sticky-table-cell BoxScore__StyledCell-fEfkvL xLJfq"
                >
                  <b>
                    REB
                  </b>
                </div>
                <div
                  className="sticky-table-cell BoxScore__StyledCell-fEfkvL xLJfq"
                >
                  <b>
                    AST
                  </b>
                </div>
                <div
                  className="sticky-table-cell BoxScore__StyledCell-fEfkvL xLJfq"
                >
                  <b>
                    STL
                  </b>
                </div>
                <div
                  className="sticky-table-cell BoxScore__StyledCell-fEfkvL xLJfq"
                >
                  <b>
                    BLK
                  </b>
                </div>
                <div
                  className="sticky-table-cell BoxScore__StyledCell-fEfkvL xLJfq"
                >
                  <b>
                    FG
                  </b>
                </div>
                <div
                  className="sticky-table-cell BoxScore__StyledCell-fEfkvL xLJfq"
                >
                  <b>
                    3P
                  </b>
                </div>
                <div
                  className="sticky-table-cell BoxScore__StyledCell-fEfkvL xLJfq"
                >
                  <b>
                    FT
                  </b>
                </div>
                <div
                  className="sticky-table-cell BoxScore__StyledCell-fEfkvL xLJfq"
                >
                  <b>
                    TO
                  </b>
                </div>
                <div
                  className="sticky-table-cell BoxScore__StyledCell-fEfkvL xLJfq"
                >
                  <b>
                    +/-
                  </b>
                </div>
              </div>
            </div>
          </div>
        </div>
        <div
          className="sticky-table-y-wrapper"
        >
          <div
            className="sticky-table-column "
          >
            <div
              className="sticky-table-table "
            >
              <div
                className="sticky-table-row "
                id=""
              >
                <div
                  className="sticky-table-cell BoxScore__StyledCell-fEfkvL xLJfq"
                  style={
                    Object {
                      "textAlign": "left",
                    }
                  }
                >
                  Bogdanovic
                </div>
              </div>
            </div>
          </div>
          <div
            className="sticky-table-x-wrapper"
          >
            <div
              className="sticky-table-table "
            >
              <div
                className="sticky-table-row "
                id=""
              >
                <div
                  className="sticky-table-cell BoxScore__StyledCell-fEfkvL xLJfq"
                >
                  30
                </div>
                <div
                  className="sticky-table-cell BoxScore__StyledCell-fEfkvL xLJfq"
                >
                  28
                </div>
                <div
                  className="sticky-table-cell BoxScore__StyledCell-fEfkvL xLJfq"
                >
                  3
                </div>
                <div
                  className="sticky-table-cell BoxScore__StyledCell-fEfkvL xLJfq"
                >
                  2
                </div>
                <div
                  className="sticky-table-cell BoxScore__StyledCell-fEfkvL xLJfq"
                >
                  1
                </div>
                <div
                  className="sticky-table-cell BoxScore__StyledCell-fEfkvL xLJfq"
                >
                  1
                </div>
                <div
                  className="sticky-table-cell BoxScore__StyledCell-fEfkvL xLJfq"
                >
                  11-13
                </div>
                <div
                  className="sticky-table-cell BoxScore__StyledCell-fEfkvL xLJfq"
                >
                  6-7
                </div>
                <div
                  className="sticky-table-cell BoxScore__StyledCell-fEfkvL xLJfq"
                >
                  0-0
                </div>
                <div
                  className="sticky-table-cell BoxScore__StyledCell-fEfkvL xLJfq"
                >
                  2
                </div>
                <div
                  className="sticky-table-cell BoxScore__StyledCell-fEfkvL xLJfq"
                >
                  30
                </div>
              </div>
            </div>
          </div>
        </div>
      </div>
    </div>
  </div>,
]
`;
