// Jest Snapshot v1, https://goo.gl/fbAQLP

exports[`match snapshot 1`] = `
<div
  className="am-flexbox PlayByPlay__Wrapper-jKyAEx fXPtQX am-flexbox-justify-center am-flexbox-align-center"
  style={undefined}
>
  <div
    className="sticky-table "
  >
    <div
      className="x-scrollbar"
    >
      <div />
    </div>
    <div
      className="y-scrollbar"
    >
      <div />
    </div>
    <div
      className="sticky-table-header-wrapper"
    >
      <div
        className="sticky-table-corner hidden"
      >
        <div
          className="sticky-table-table "
        />
      </div>
      <div
        className="sticky-table-header hidden"
      >
        <div
          className="sticky-table-table "
        />
      </div>
    </div>
    <div
      className="sticky-table-y-wrapper"
    >
      <div
        className="sticky-table-column "
      >
        <div
          className="sticky-table-table "
        >
          <div
            className="sticky-table-row sticky-table-row "
            id=""
          >
            <div
              align="center"
              className="sticky-table-cell PlayByPlay__StyledCell-kwvErl ddqmlj"
            >
              <p>
                Q1 11:43
              </p>
              <p>
                <span
                  className="PlayByPlay__Score-bXplBE gOnJZh"
                  color="#000"
                >
                  0
                </span>
                 -
                 
                <span
                  className="PlayByPlay__Score-bXplBE gOnJZh"
                  color="#000"
                >
                  0
                </span>
              </p>
            </div>
          </div>
          <div
            className="sticky-table-row sticky-table-row "
            id=""
          >
            <div
              align="center"
              className="sticky-table-cell PlayByPlay__StyledCell-kwvErl ddqmlj"
            >
              <p>
                Q1 12:00
              </p>
              <p>
                <span
                  className="PlayByPlay__Score-bXplBE gOnJZh"
                  color="#000"
                >
                  0
                </span>
                 -
                 
                <span
                  className="PlayByPlay__Score-bXplBE gOnJZh"
                  color="#000"
                >
                  0
                </span>
              </p>
            </div>
          </div>
          <div
            className="sticky-table-row sticky-table-row "
            id=""
          >
            <div
              align="center"
              className="sticky-table-cell PlayByPlay__StyledCell-kwvErl ddqmlj"
            >
              <p>
                Q1 12:00
              </p>
              <p>
                <span
                  className="PlayByPlay__Score-bXplBE gOnJZh"
                  color="#000"
                >
                  0
                </span>
                 -
                 
                <span
                  className="PlayByPlay__Score-bXplBE gOnJZh"
                  color="#000"
                >
                  0
                </span>
              </p>
            </div>
          </div>
        </div>
      </div>
      <div
        className="sticky-table-x-wrapper"
      >
        <div
          className="sticky-table-table "
        >
          <div
            className="sticky-table-row sticky-table-row "
            id=""
          >
            <div
              align="left"
              className="sticky-table-cell PlayByPlay__StyledCell-kwvErl btptBf"
              style={
                Object {
                  "padding": "8px 0",
                }
              }
            >
              Adams Foul: Shooting (1 PF) (2 FTA) (B Spooner)
            </div>
          </div>
          <div
            className="sticky-table-row sticky-table-row "
            id=""
          >
            <div
              align="left"
              className="sticky-table-cell PlayByPlay__StyledCell-kwvErl btptBf"
              style={
                Object {
                  "padding": "8px 0",
                }
              }
            >
              Jump Ball Adams vs Duncan (Green gains possession)
            </div>
          </div>
          <div
            className="sticky-table-row sticky-table-row "
            id=""
          >
            <div
              align="left"
              className="sticky-table-cell PlayByPlay__StyledCell-kwvErl btptBf"
              style={
                Object {
                  "padding": "8px 0",
                }
              }
            >
              Start Period
            </div>
          </div>
        </div>
      </div>
    </div>
  </div>
</div>
`;
