// Jest Snapshot v1, https://goo.gl/fbAQLP

exports[`match snapshot 1`] = `
<div
  className="am-flexbox TeamScore__Wrapper-dkUenk eDIqGI am-flexbox-dir-column am-flexbox-justify-start am-flexbox-align-center"
  style={undefined}
>
  <div
    className="am-flexbox TeamScore__TeamWrapper-gLIDml dzAzBK am-flexbox-justify-center am-flexbox-align-center"
    style={undefined}
  >
    <div
      className="am-flexbox-item"
      style={
        Object {
          "textAlign": "center",
        }
      }
    >
      <h3
        className="TeamScore__TeamName-lfDjMy ejiVTN"
      >
        IND
      </h3>
    </div>
    <div
      className="am-flexbox-item"
      style={
        Object {
          "margin": 0,
          "textAlign": "center",
        }
      }
    >
      <h3
        className="TeamScore__TeamName-lfDjMy ejiVTN"
      >
        GSW
      </h3>
    </div>
  </div>
  <div
    className="am-flexbox TeamScore__ScoreWrapper-tdjCa csZWAX am-flexbox-justify-center am-flexbox-align-center"
    style={undefined}
  >
    <div
      className="am-flexbox-item"
      style={
        Object {
          "flex": 2,
        }
      }
    >
      <p
        className="TeamScore__Score-itlDXI dpSbIb"
      >
        126
      </p>
    </div>
    <div
      className="am-flexbox-item"
      style={
        Object {
          "flex": 1,
          "margin": 0,
          "textAlign": "center",
        }
      }
    >
      <span
        style={
          Object {
            "fontSize": "0.8em",
          }
        }
      >
        <b>
          Final
        </b>
      </span>
    </div>
    <div
      className="am-flexbox-item"
      style={
        Object {
          "flex": 2,
          "margin": 0,
        }
      }
    >
      <p
        className="TeamScore__Score-itlDXI dkGycK"
      >
        106
      </p>
    </div>
  </div>
  <span
    style={
      Object {
        "fontSize": "10px",
      }
    }
  >
    Bankers Life Fieldhouse, Indianapolis
  </span>
</div>
`;
