// Jest Snapshot v1, https://goo.gl/fbAQLP

exports[`match snapshot 1`] = `
<div
  className="am-flexbox TeamScore__Wrapper-sc-17n15io-0 bxIATL am-flexbox-dir-column am-flexbox-justify-start am-flexbox-align-center"
>
  <div
    className="am-flexbox TeamScore__InfoWrapper-sc-17n15io-1 bGrUsb am-flexbox-dir-column am-flexbox-justify-center am-flexbox-align-center"
  >
    <div
      className="am-flexbox-item"
      style={
        Object {
          "textAlign": "center",
        }
      }
    >
      <h4>
        Final
      </h4>
    </div>
    <div
      className="am-flexbox-item"
      style={
        Object {
          "margin": 0,
          "textAlign": "center",
        }
      }
    >
      <span
        style={
          Object {
            "fontSize": "10px",
          }
        }
      >
        Bankers Life Fieldhouse, Indianapolis
      </span>
    </div>
  </div>
  <div
    background={
      Object {
        "home": "#041e42",
        "visitor": "#ffc72d",
      }
    }
    className="am-flexbox TeamScore__ScoreWrapper-sc-17n15io-2 jwOPUT am-flexbox-justify-center am-flexbox-align-center"
  >
    <div
      className="am-flexbox TeamScore__Team-sc-17n15io-3 hJFRvH am-flexbox-dir-column am-flexbox-justify-center am-flexbox-align-center"
    >
      <h3
        className="TeamScore__TeamName-sc-17n15io-4 kDPcwy"
      >
        IND
      </h3>
      <p
        className="TeamScore__Score-sc-17n15io-5 fjVgXA"
      >
        126
      </p>
    </div>
    <div
      className="am-flexbox TeamScore__Team-sc-17n15io-3 hJFRvH am-flexbox-dir-column am-flexbox-justify-center am-flexbox-align-center"
    >
      <h3
        className="TeamScore__TeamName-sc-17n15io-4 kDPcwy"
      >
        GSW
      </h3>
      <p
        className="TeamScore__Score-sc-17n15io-5 dqSyoL"
      >
        106
      </p>
    </div>
  </div>
</div>
`;
