// Jest Snapshot v1, https://goo.gl/fbAQLP

exports[`match snapshot 1`] = `
<div
  className="am-flexbox TeamScore__Wrapper-dkUenk eqJmmP am-flexbox-dir-column am-flexbox-justify-start am-flexbox-align-center"
  style={undefined}
>
  <div
    className="am-flexbox TeamScore__InfoWrapper-BUCyd hlwPDM am-flexbox-dir-column am-flexbox-justify-center am-flexbox-align-center"
    style={undefined}
  >
    <div
      className="am-flexbox-item"
      style={
        Object {
          "textAlign": "center",
        }
      }
    >
      <h4>
        Final
      </h4>
    </div>
    <div
      className="am-flexbox-item"
      style={
        Object {
          "margin": 0,
          "textAlign": "center",
        }
      }
    >
      <span
        style={
          Object {
            "fontSize": "10px",
          }
        }
      >
        Bankers Life Fieldhouse, Indianapolis
      </span>
    </div>
  </div>
  <div
    background={
      Object {
        "home": "#041e42",
        "visitor": "#ffc72d",
      }
    }
    className="am-flexbox TeamScore__ScoreWrapper-tdjCa fjZfdr am-flexbox-justify-center am-flexbox-align-center"
    style={undefined}
  >
    <div
      className="am-flexbox TeamScore__Team-HyUuo gxoOEK am-flexbox-dir-column am-flexbox-justify-center am-flexbox-align-center"
      style={undefined}
    >
      <h3
        className="TeamScore__TeamName-lfDjMy jdzNt"
      >
        IND
      </h3>
      <p
        className="TeamScore__Score-itlDXI dpSbIb"
      >
        126
      </p>
    </div>
    <div
      className="am-flexbox TeamScore__Team-HyUuo gxoOEK am-flexbox-dir-column am-flexbox-justify-center am-flexbox-align-center"
      style={undefined}
    >
      <h3
        className="TeamScore__TeamName-lfDjMy jdzNt"
      >
        GSW
      </h3>
      <p
        className="TeamScore__Score-itlDXI dkGycK"
      >
        106
      </p>
    </div>
  </div>
</div>
`;
