// Jest Snapshot v1, https://goo.gl/fbAQLP

exports[`match snapshot 1`] = `
<div
  className="am-flexbox TeamScore__Wrapper-dkUenk erFety am-flexbox-dir-column am-flexbox-justify-start am-flexbox-align-center"
  style={undefined}
>
  <div
    className="am-flexbox TeamScore__InfoWrapper-BUCyd fPRnPu am-flexbox-dir-column am-flexbox-align-center"
    style={undefined}
  >
    <h4>
      7:00 pm ET
    </h4>
    <p
      className="TeamScore__Arena-jFPVgG bmPBsw"
    >
      Wells Fargo Center, Philadelphia
    </p>
  </div>
  <div
    background={
      Object {
        "home": "#006bb6",
        "visitor": "#6f263d",
      }
    }
    className="am-flexbox TeamScore__TeamWrapper-gLIDml fsdvYN am-flexbox-justify-center am-flexbox-align-center"
    style={undefined}
  >
    <div
      className="am-flexbox-item"
      style={undefined}
    >
      <div
        className="am-flexbox am-flexbox-dir-column am-flexbox-align-center"
        style={undefined}
      >
        <h3
          className="TeamScore__TeamName-lfDjMy hEvSnN"
        >
          PHI
        </h3>
        <p>
          48 - 30
        </p>
      </div>
    </div>
    <div
      className="am-flexbox-item"
      style={
        Object {
          "margin": 0,
        }
      }
    >
      <div
        className="am-flexbox am-flexbox-dir-column am-flexbox-align-center"
        style={undefined}
      >
        <h3
          className="TeamScore__TeamName-lfDjMy hEvSnN"
        >
          CLE
        </h3>
        <p>
          49 - 30
        </p>
      </div>
    </div>
  </div>
</div>
`;
