// Jest Snapshot v1, https://goo.gl/fbAQLP

exports[`match snapshot 1`] = `
<div
  className="am-flexbox TeamScore__Wrapper-dkUenk loMaZB am-flexbox-dir-column am-flexbox-justify-start am-flexbox-align-center"
  homeColor="#006bb6"
  style={undefined}
  visitorColor="#6f263d"
>
  <div
    className="am-flexbox TeamScore__TeamWrapper-gLIDml dPvllN am-flexbox-justify-center am-flexbox-align-center"
    style={undefined}
  >
    <div
      className="am-flexbox-item"
      style={
        Object {
          "flex": 2,
        }
      }
    >
      <div
        className="am-flexbox am-flexbox-dir-column am-flexbox-align-center"
        style={undefined}
      >
        <h3
          className="TeamScore__TeamName-lfDjMy ejiVTN"
        >
          PHI
        </h3>
        <p>
          48 - 30
        </p>
      </div>
    </div>
    <div
      className="am-flexbox-item"
      style={
        Object {
          "flex": 1,
          "margin": 0,
          "textAlign": "center",
        }
      }
    >
      <h5>
        7:00 pm ET
      </h5>
    </div>
    <div
      className="am-flexbox-item"
      style={
        Object {
          "flex": 2,
          "margin": 0,
        }
      }
    >
      <div
        className="am-flexbox am-flexbox-dir-column am-flexbox-align-center"
        style={undefined}
      >
        <h3
          className="TeamScore__TeamName-lfDjMy ejiVTN"
        >
          CLE
        </h3>
        <p>
          49 - 30
        </p>
      </div>
    </div>
  </div>
  <p
    className="TeamScore__Arena-jFPVgG gsrdOw"
  >
    Wells Fargo Center, Philadelphia
  </p>
</div>
`;
