// Jest Snapshot v1, https://goo.gl/fbAQLP

exports[`match snapshot 1`] = `
<div
  className="am-flexbox Error__Wrapper-hfumIx BGkX am-flexbox-dir-column am-flexbox-justify-center am-flexbox-align-center"
  style={undefined}
>
  <p
    className="Error__Text-bFSXws ckyXrC"
  >
    Oops! Something goes wrong
     
    <span
      aria-label="Sad"
      role="img"
    >
      🙁
    </span>
  </p>
  <p
    className="Error__Text-bFSXws ckyXrC"
  >
    Check internet or
     
    <a
      className="Error__Report-hpFkVY imrHXn"
      onClick={[Function]}
    >
      Report issues
    </a>
  </p>
</div>
`;
