// Jest Snapshot v1, https://goo.gl/fbAQLP

exports[`match snapshot 1`] = `
<div
  className="am-flexbox Table__Wrapper-gqNOFZ cnsVAI am-flexbox-dir-column am-flexbox-align-center"
  style={undefined}
>
  <div
    className="am-flexbox-item Table__Item-gKMlZn fvdCyI"
    style={undefined}
  >
    <h3
      className="Table__Conference-gpsFgB krXnEd"
    >
      east
    </h3>
    <div
      className="sticky-table "
      id="sticky-table-500000000"
    >
      <div
        className="x-scrollbar"
      >
        <div />
      </div>
      <div
        className="y-scrollbar"
      >
        <div />
      </div>
      <div
        className="sticky-table-header-wrapper"
      >
        <div
          className="sticky-table-corner hidden"
        >
          <div
            className="sticky-table-table "
          >
            <div
              className="sticky-table-row "
              id=""
            />
          </div>
        </div>
        <div
          className="sticky-table-header "
        >
          <div
            className="sticky-table-table "
          >
            <div
              className="sticky-table-row "
              id=""
            >
              <div
                className="sticky-table-cell Table__StyledCell-fIvCux ccNlyE"
              >
                <b>
                  Teams
                </b>
              </div>
              <div
                className="sticky-table-cell Table__StyledCell-fIvCux ccNlyE"
              >
                <b>
                  W
                </b>
              </div>
              <div
                className="sticky-table-cell Table__StyledCell-fIvCux ccNlyE"
              >
                <b>
                  L
                </b>
              </div>
              <div
                className="sticky-table-cell Table__StyledCell-fIvCux ccNlyE"
              >
                <b>
                  WIN%
                </b>
              </div>
              <div
                className="sticky-table-cell Table__StyledCell-fIvCux ccNlyE"
              >
                <b>
                  GB
                </b>
              </div>
            </div>
          </div>
        </div>
      </div>
      <div
        className="sticky-table-y-wrapper"
      >
        <div
          className="sticky-table-column hidden"
        >
          <div
            className="sticky-table-table "
          >
            <div
              className="sticky-table-row "
              id=""
            />
            <div
              className="sticky-table-row "
              id=""
            />
            <div
              className="sticky-table-row "
              id=""
            />
          </div>
        </div>
        <div
          className="sticky-table-x-wrapper"
        >
          <div
            className="sticky-table-table "
          >
            <div
              className="sticky-table-row "
              id=""
            >
              <div
                align="left"
                className="sticky-table-cell Table__StyledCell-fIvCux pvDml"
              >
                TOR
              </div>
              <div
                className="sticky-table-cell Table__StyledCell-fIvCux ccNlyE"
              >
                56
              </div>
              <div
                className="sticky-table-cell Table__StyledCell-fIvCux ccNlyE"
              >
                22
              </div>
              <div
                className="sticky-table-cell Table__StyledCell-fIvCux ccNlyE"
              >
                .718
              </div>
              <div
                className="sticky-table-cell Table__StyledCell-fIvCux ccNlyE"
              >
                0
              </div>
            </div>
            <div
              className="sticky-table-row "
              id=""
            >
              <div
                align="left"
                className="sticky-table-cell Table__StyledCell-fIvCux pvDml"
              >
                BOS
              </div>
              <div
                className="sticky-table-cell Table__StyledCell-fIvCux ccNlyE"
              >
                53
              </div>
              <div
                className="sticky-table-cell Table__StyledCell-fIvCux ccNlyE"
              >
                25
              </div>
              <div
                className="sticky-table-cell Table__StyledCell-fIvCux ccNlyE"
              >
                .679
              </div>
              <div
                className="sticky-table-cell Table__StyledCell-fIvCux ccNlyE"
              >
                3
              </div>
            </div>
            <div
              className="sticky-table-row "
              id=""
            >
              <div
                align="left"
                className="sticky-table-cell Table__StyledCell-fIvCux pvDml"
              >
                CLE
              </div>
              <div
                className="sticky-table-cell Table__StyledCell-fIvCux ccNlyE"
              >
                49
              </div>
              <div
                className="sticky-table-cell Table__StyledCell-fIvCux ccNlyE"
              >
                30
              </div>
              <div
                className="sticky-table-cell Table__StyledCell-fIvCux ccNlyE"
              >
                .620
              </div>
              <div
                className="sticky-table-cell Table__StyledCell-fIvCux ccNlyE"
              >
                7.5
              </div>
            </div>
          </div>
        </div>
      </div>
    </div>
  </div>
  <div
    className="am-flexbox-item Table__Item-gKMlZn fvdCyI"
    style={undefined}
  >
    <h3
      className="Table__Conference-gpsFgB krXnEd"
    >
      west
    </h3>
    <div
      className="sticky-table "
      id="sticky-table-500000000"
    >
      <div
        className="x-scrollbar"
      >
        <div />
      </div>
      <div
        className="y-scrollbar"
      >
        <div />
      </div>
      <div
        className="sticky-table-header-wrapper"
      >
        <div
          className="sticky-table-corner hidden"
        >
          <div
            className="sticky-table-table "
          >
            <div
              className="sticky-table-row "
              id=""
            />
          </div>
        </div>
        <div
          className="sticky-table-header "
        >
          <div
            className="sticky-table-table "
          >
            <div
              className="sticky-table-row "
              id=""
            >
              <div
                className="sticky-table-cell Table__StyledCell-fIvCux ccNlyE"
              >
                <b>
                  Teams
                </b>
              </div>
              <div
                className="sticky-table-cell Table__StyledCell-fIvCux ccNlyE"
              >
                <b>
                  W
                </b>
              </div>
              <div
                className="sticky-table-cell Table__StyledCell-fIvCux ccNlyE"
              >
                <b>
                  L
                </b>
              </div>
              <div
                className="sticky-table-cell Table__StyledCell-fIvCux ccNlyE"
              >
                <b>
                  WIN%
                </b>
              </div>
              <div
                className="sticky-table-cell Table__StyledCell-fIvCux ccNlyE"
              >
                <b>
                  GB
                </b>
              </div>
            </div>
          </div>
        </div>
      </div>
      <div
        className="sticky-table-y-wrapper"
      >
        <div
          className="sticky-table-column hidden"
        >
          <div
            className="sticky-table-table "
          >
            <div
              className="sticky-table-row "
              id=""
            />
            <div
              className="sticky-table-row "
              id=""
            />
            <div
              className="sticky-table-row "
              id=""
            />
          </div>
        </div>
        <div
          className="sticky-table-x-wrapper"
        >
          <div
            className="sticky-table-table "
          >
            <div
              className="sticky-table-row "
              id=""
            >
              <div
                align="left"
                className="sticky-table-cell Table__StyledCell-fIvCux pvDml"
              >
                HOU
              </div>
              <div
                className="sticky-table-cell Table__StyledCell-fIvCux ccNlyE"
              >
                64
              </div>
              <div
                className="sticky-table-cell Table__StyledCell-fIvCux ccNlyE"
              >
                15
              </div>
              <div
                className="sticky-table-cell Table__StyledCell-fIvCux ccNlyE"
              >
                .810
              </div>
              <div
                className="sticky-table-cell Table__StyledCell-fIvCux ccNlyE"
              >
                0
              </div>
            </div>
            <div
              className="sticky-table-row "
              id=""
            >
              <div
                align="left"
                className="sticky-table-cell Table__StyledCell-fIvCux pvDml"
              >
                GSW
              </div>
              <div
                className="sticky-table-cell Table__StyledCell-fIvCux ccNlyE"
              >
                57
              </div>
              <div
                className="sticky-table-cell Table__StyledCell-fIvCux ccNlyE"
              >
                22
              </div>
              <div
                className="sticky-table-cell Table__StyledCell-fIvCux ccNlyE"
              >
                .722
              </div>
              <div
                className="sticky-table-cell Table__StyledCell-fIvCux ccNlyE"
              >
                7
              </div>
            </div>
            <div
              className="sticky-table-row "
              id=""
            >
              <div
                align="left"
                className="sticky-table-cell Table__StyledCell-fIvCux pvDml"
              >
                POR
              </div>
              <div
                className="sticky-table-cell Table__StyledCell-fIvCux ccNlyE"
              >
                48
              </div>
              <div
                className="sticky-table-cell Table__StyledCell-fIvCux ccNlyE"
              >
                31
              </div>
              <div
                className="sticky-table-cell Table__StyledCell-fIvCux ccNlyE"
              >
                .608
              </div>
              <div
                className="sticky-table-cell Table__StyledCell-fIvCux ccNlyE"
              >
                16
              </div>
            </div>
          </div>
        </div>
      </div>
    </div>
  </div>
</div>
`;
