// Jest Snapshot v1, https://goo.gl/fbAQLP

exports[`match snapshot 1`] = `
Array [
  <div
    className="am-flexbox am-flexbox-justify-center am-flexbox-align-center"
    style={
      Object {
        "background": "#fff",
      }
    }
  >
    <button
      className="BoxScore__Button-sc-1ktlrmv-3 dsuLua"
      onClick={[Function]}
      selected={true}
      style={
        Object {
          "borderRadius": "5px 0 0 5px",
        }
      }
    >
      IND
    </button>
    <button
      className="BoxScore__Button-sc-1ktlrmv-3 gOexTt"
      onClick={[Function]}
      selected={false}
      style={
        Object {
          "borderRadius": "0 5px 5px 0",
        }
      }
    >
      GSW
    </button>
  </div>,
  <div
    className="am-flexbox BoxScore__Wrapper-sc-1ktlrmv-0 GHxx am-flexbox-align-center"
  >
    <div
      className="sc-bxivhb iFCzUu sticky-table"
    >
      <div
        className="sc-bdVaJa iRVyCP sticky-table-table"
      >
        <div
          className="sc-htpNat ertYiC sticky-table-row"
        >
          <div
            className="sc-bwzfXH BoxScore__HeaderCell-sc-1ktlrmv-1 hqduNk sticky-table-cell"
          >
            <b>
              Player
            </b>
          </div>
          <div
            className="sc-bwzfXH BoxScore__HeaderCell-sc-1ktlrmv-1 hqduNk sticky-table-cell"
          >
            <b>
              MIN
            </b>
          </div>
          <div
            className="sc-bwzfXH BoxScore__HeaderCell-sc-1ktlrmv-1 hqduNk sticky-table-cell"
          >
            <b>
              PTS
            </b>
          </div>
          <div
            className="sc-bwzfXH BoxScore__HeaderCell-sc-1ktlrmv-1 hqduNk sticky-table-cell"
          >
            <b>
              REB
            </b>
          </div>
          <div
            className="sc-bwzfXH BoxScore__HeaderCell-sc-1ktlrmv-1 hqduNk sticky-table-cell"
          >
            <b>
              AST
            </b>
          </div>
          <div
            className="sc-bwzfXH BoxScore__HeaderCell-sc-1ktlrmv-1 hqduNk sticky-table-cell"
          >
            <b>
              STL
            </b>
          </div>
          <div
            className="sc-bwzfXH BoxScore__HeaderCell-sc-1ktlrmv-1 hqduNk sticky-table-cell"
          >
            <b>
              BLK
            </b>
          </div>
          <div
            className="sc-bwzfXH BoxScore__HeaderCell-sc-1ktlrmv-1 hqduNk sticky-table-cell"
          >
            <b>
              FG
            </b>
          </div>
          <div
            className="sc-bwzfXH BoxScore__HeaderCell-sc-1ktlrmv-1 hqduNk sticky-table-cell"
          >
            <b>
              3P
            </b>
          </div>
          <div
            className="sc-bwzfXH BoxScore__HeaderCell-sc-1ktlrmv-1 hqduNk sticky-table-cell"
          >
            <b>
              FT
            </b>
          </div>
          <div
            className="sc-bwzfXH BoxScore__HeaderCell-sc-1ktlrmv-1 hqduNk sticky-table-cell"
          >
            <b>
              TO
            </b>
          </div>
          <div
            className="sc-bwzfXH BoxScore__HeaderCell-sc-1ktlrmv-1 hqduNk sticky-table-cell"
          >
            <b>
              +/-
            </b>
          </div>
        </div>
        <div
          className="sc-htpNat ertYiC sticky-table-row"
        >
          <div
            className="sc-bwzfXH BoxScore__StyledCell-sc-1ktlrmv-2 cUADWe sticky-table-cell"
            style={
              Object {
                "borderRight": "1px solid #f7f7f7",
                "fontWeight": "500",
                "textAlign": "left",
              }
            }
          >
            Bogdanovic
          </div>
          <div
            className="sc-bwzfXH BoxScore__StyledCell-sc-1ktlrmv-2 cUADWe sticky-table-cell"
          >
            30
          </div>
          <div
            className="sc-bwzfXH BoxScore__StyledCell-sc-1ktlrmv-2 cUADWe sticky-table-cell"
          >
            28
          </div>
          <div
            className="sc-bwzfXH BoxScore__StyledCell-sc-1ktlrmv-2 cUADWe sticky-table-cell"
          >
            3
          </div>
          <div
            className="sc-bwzfXH BoxScore__StyledCell-sc-1ktlrmv-2 cUADWe sticky-table-cell"
          >
            2
          </div>
          <div
            className="sc-bwzfXH BoxScore__StyledCell-sc-1ktlrmv-2 cUADWe sticky-table-cell"
          >
            1
          </div>
          <div
            className="sc-bwzfXH BoxScore__StyledCell-sc-1ktlrmv-2 cUADWe sticky-table-cell"
          >
            1
          </div>
          <div
            className="sc-bwzfXH BoxScore__StyledCell-sc-1ktlrmv-2 cUADWe sticky-table-cell"
          >
            11-13
          </div>
          <div
            className="sc-bwzfXH BoxScore__StyledCell-sc-1ktlrmv-2 cUADWe sticky-table-cell"
          >
            6-7
          </div>
          <div
            className="sc-bwzfXH BoxScore__StyledCell-sc-1ktlrmv-2 cUADWe sticky-table-cell"
          >
            0-0
          </div>
          <div
            className="sc-bwzfXH BoxScore__StyledCell-sc-1ktlrmv-2 cUADWe sticky-table-cell"
          >
            2
          </div>
          <div
            className="sc-bwzfXH BoxScore__StyledCell-sc-1ktlrmv-2 cUADWe sticky-table-cell"
          >
            30
          </div>
        </div>
      </div>
    </div>
  </div>,
]
`;
