// Jest Snapshot v1, https://goo.gl/fbAQLP

exports[`match snapshot 1`] = `
<div
  className="am-flexbox LineScore__Wrapper-sc-16p4iy3-0 iMqDAJ am-flexbox-justify-start am-flexbox-align-center"
>
  <div
    className="sc-bxivhb epPZVs sticky-table"
  >
    <div
      className="sc-bdVaJa iRVyCP sticky-table-table"
    >
      <div
        className="sc-htpNat ertYiC sticky-table-row"
      >
        <div
          className="sc-bwzfXH LineScore__StyledCell-sc-16p4iy3-1 bGGcFj sticky-table-cell"
        />
        <div
          className="sc-bwzfXH LineScore__StyledCell-sc-16p4iy3-1 bGGcFj sticky-table-cell"
        >
          <b>
            Q1
          </b>
        </div>
        <div
          className="sc-bwzfXH LineScore__StyledCell-sc-16p4iy3-1 bGGcFj sticky-table-cell"
        >
          <b>
            Q2
          </b>
        </div>
        <div
          className="sc-bwzfXH LineScore__StyledCell-sc-16p4iy3-1 bGGcFj sticky-table-cell"
        >
          <b>
            Q3
          </b>
        </div>
        <div
          className="sc-bwzfXH LineScore__StyledCell-sc-16p4iy3-1 bGGcFj sticky-table-cell"
        >
          <b>
            Q4
          </b>
        </div>
        <div
          className="sc-bwzfXH LineScore__StyledCell-sc-16p4iy3-1 bGGcFj sticky-table-cell"
        >
          <b>
            T
          </b>
        </div>
      </div>
      <div
        className="sc-htpNat ertYiC sticky-table-row"
      >
        <div
          className="sc-bwzfXH LineScore__StyledCell-sc-16p4iy3-1 bGGcFj sticky-table-cell"
          style={
            Object {
              "backgroundColor": "#041e42",
              "padding": "8px 16px",
            }
          }
        >
          <p
            className="LineScore__TeamName-sc-16p4iy3-2 jLhbNS"
          >
            IND
          </p>
        </div>
        <div
          className="sc-bwzfXH LineScore__StyledCell-sc-16p4iy3-1 bGGcFj sticky-table-cell"
        >
          27
        </div>
        <div
          className="sc-bwzfXH LineScore__StyledCell-sc-16p4iy3-1 bGGcFj sticky-table-cell"
        >
          35
        </div>
        <div
          className="sc-bwzfXH LineScore__StyledCell-sc-16p4iy3-1 bGGcFj sticky-table-cell"
        >
          35
        </div>
        <div
          className="sc-bwzfXH LineScore__StyledCell-sc-16p4iy3-1 bGGcFj sticky-table-cell"
        >
          29
        </div>
        <div
          className="sc-bwzfXH LineScore__StyledCell-sc-16p4iy3-1 bGGcFj sticky-table-cell"
        >
          126
        </div>
      </div>
      <div
        className="sc-htpNat ertYiC sticky-table-row"
      >
        <div
          className="sc-bwzfXH LineScore__StyledCell-sc-16p4iy3-1 bGGcFj sticky-table-cell"
          style={
            Object {
              "backgroundColor": "#ffc72d",
              "padding": "8px 16px",
            }
          }
        >
          <p
            className="LineScore__TeamName-sc-16p4iy3-2 jLhbNS"
          >
            GSW
          </p>
        </div>
        <div
          className="sc-bwzfXH LineScore__StyledCell-sc-16p4iy3-1 bGGcFj sticky-table-cell"
        >
          26
        </div>
        <div
          className="sc-bwzfXH LineScore__StyledCell-sc-16p4iy3-1 bGGcFj sticky-table-cell"
        >
          25
        </div>
        <div
          className="sc-bwzfXH LineScore__StyledCell-sc-16p4iy3-1 bGGcFj sticky-table-cell"
        >
          26
        </div>
        <div
          className="sc-bwzfXH LineScore__StyledCell-sc-16p4iy3-1 bGGcFj sticky-table-cell"
        >
          29
        </div>
        <div
          className="sc-bwzfXH LineScore__StyledCell-sc-16p4iy3-1 bGGcFj sticky-table-cell"
        >
          106
        </div>
      </div>
    </div>
  </div>
</div>
`;
