// Jest Snapshot v1, https://goo.gl/fbAQLP

exports[`match snapshot 1`] = `
<div
  className="am-flexbox PlayByPlay__Wrapper-sc-1eahhxw-0 iuAhTg am-flexbox-justify-center am-flexbox-align-center"
>
  <div
    className="am-flexbox-item"
    style={
      Object {
        "height": "100%",
      }
    }
  >
    <div
      style={
        Object {
          "height": 0,
          "overflow": "visible",
          "width": 0,
        }
      }
    />
  </div>
</div>
`;
